MemTotal:        7951212 kB
MemFree:         4205048 kB
MemAvailable:    6524028 kB
Buffers:          121504 kB
Cached:          2190428 kB
SwapCached:            0 kB
Active:          1782916 kB
Inactive:        1640616 kB
Active(anon):    1115128 kB
Inactive(anon):   141644 kB
Active(file):     667788 kB
Inactive(file):  1498972 kB
Unevictable:          32 kB
Mlocked:              32 kB
SwapTotal:       3886076 kB
SwapFree:        3886076 kB
Dirty:                 8 kB
Writeback:             0 kB
AnonPages:       1111728 kB
Mapped:           312056 kB
Shmem:            145176 kB
Slab:             232576 kB
SReclaimable:     194208 kB
SUnreclaim:        38368 kB
KernelStack:        7680 kB
PageTables:        34332 kB
NFS_Unstable:          0 kB
Bounce:                0 kB
WritebackTmp:          0 kB
CommitLimit:     7861680 kB
Committed_AS:    5191180 kB
VmallocTotal:   34359738367 kB
VmallocUsed:      355560 kB
VmallocChunk:   34358947836 kB
HardwareCorrupted:     0 kB
AnonHugePages:         0 kB
HugePages_Total:       0
HugePages_Free:        0
HugePages_Rsvd:        0
HugePages_Surp:        0
Hugepagesize:       2048 kB
DirectMap4k:      220776 kB
DirectMap2M:     7938048 kB
